// Jest Snapshot v1, https://goo.gl/fbAQLP

exports[`Testing HomeScreen Snapshot 1`] = `
<div>
  <h1>
    HomeScreen
  </h1>
  <hr />
  <pre>
    {
  "name": "Juan Ro",
  "email": "email"
}
  </pre>
</div>
`;
