// Jest Snapshot v1, https://goo.gl/fbAQLP

exports[`Testing HookApp Snapshot 1`] = `
<div>
  <h1>
    Hola mundo
  </h1>
</div>
`;
