// Jest Snapshot v1, https://goo.gl/fbAQLP

exports[`Testing RealExampleRef Snapshot 1`] = `
<div>
  <h1>
    Real example ref
  </h1>
  <hr />
  <button
    className="btn btn-primary mt-5"
    onClick={[Function]}
  >
    Show / Hide
  </button>
</div>
`;
