// Jest Snapshot v1, https://goo.gl/fbAQLP

exports[`AdCategory Snapshot 1`] = `
<form
  onSubmit={[Function]}
>
  <p />
  <input
    onChange={[Function]}
    placeholder="Nuevo Anime"
    type="text"
    value=""
  />
</form>
`;
